2026-08-04 22:12:04 0 [Note] Starting MariaDB 11.8.8-MariaDB source revision 46a8eb42a520193686d9a16d4cea4b3e002917e4 server_uid 9p789VISKXtuRLLilMhuQH2gPwo= as process 23228
2026-08-04 22:12:04 0 [Note] InnoDB: Compressed tables use zlib 1.3.2
2026-08-04 22:12:04 0 [Note] InnoDB: Number of transaction pools: 1
2026-08-04 22:12:04 0 [Note] InnoDB: Using crc32 + pclmulqdq instructions
2026-08-04 22:12:04 0 [Note] InnoDB: Using ThreadPool
2026-08-04 22:12:04 0 [Note] InnoDB: innodb_buffer_pool_size_max=8388612m, innodb_buffer_pool_size=128m
2026-08-04 22:12:04 0 [Note] InnoDB: Completed initialization of buffer pool
2026-08-04 22:12:04 0 [Note] InnoDB: File system buffers for log disabled (block size=512 bytes)
2026-08-04 22:12:04 0 [Note] InnoDB: End of log at LSN=45568
2026-08-04 22:12:04 0 [Note] InnoDB: Opened 3 undo tablespaces
2026-08-04 22:12:04 0 [Note] InnoDB: 128 rollback segments in 3 undo tablespaces are active.
2026-08-04 22:12:04 0 [Note] InnoDB: Setting file './ibtmp1' size to 12.000MiB. Physically writing the file full; Please wait ...
2026-08-04 22:12:04 0 [Note] InnoDB: File './ibtmp1' size is now 12.000MiB.
2026-08-04 22:12:04 0 [Note] InnoDB: log sequence number 45568; transaction id 14
2026-08-04 22:12:04 0 [Note] Plugin 'FEEDBACK' is disabled.
2026-08-04 22:12:04 0 [Note] InnoDB: Loading buffer pool(s) from C:\Users\satom\Documents\ragnarok-server\mariadb\data\ib_buffer_pool
2026-08-04 22:12:04 0 [Note] mariadbd.exe: SSPI: using principal name 'localhost', mech 'Negotiate'
2026-08-04 22:12:04 0 [Note] InnoDB: Buffer pool(s) load completed at 260804 22:12:04
2026-08-04 22:12:05 0 [Note] Server socket created on IP: '127.0.0.1', port: '3306'.
2026-08-04 22:12:05 0 [Note] mariadbd.exe: Event Scheduler: Loaded 0 events
2026-08-04 22:12:05 0 [Note] C:\Users\satom\Documents\ragnarok-server\mariadb\bin\mariadbd.exe: ready for connections.
Version: '11.8.8-MariaDB'  socket: ''  port: 3306  MariaDB Server
2026-08-04 22:12:05 3 [Warning] Aborted connection 3 to db: 'unconnected' user: 'unauthenticated' host: 'localhost' (Got an error reading communication packets)
2026-08-04 22:12:05 3 [Warning] Aborted connection 3 to db: 'unconnected' user: 'unauthenticated' host: 'localhost' (This connection closed normally without authentication)
2026-08-04 22:12:08 8 [Warning] Aborted connection 8 to db: 'ragnarok' user: 'ragnarok' host: 'localhost' (Got an error reading communication packets)
2026-08-04 22:12:10 4 [Warning] Aborted connection 4 to db: 'unconnected' user: 'root' host: 'localhost' (Got an error reading communication packets)
2026-08-04 22:20:33 0 [Note] console_event_handler: received CTRL_CLOSE_EVENT event, terminating
